<html>
<body>
<pre>
<h1>µVision Build Log</h1>
<h2>Project:</h2>
C:\work\DevBg\ModulesIf_Run\ModulesIf_Run.uvproj
Project File Date:  07/24/2018

<h2>Output:</h2>
Build target 'ModulesIf_Run'
assembling startup.s...
compiling Logger.cpp...
compiling PLL.c...
compiling UART.c...
compiling UartAdapter.cpp...
compiling ModuleA.cpp...
compiling ModuleB.cpp...
compiling ModuleC.cpp...
compiling ModulesIf_Run.cpp...
linking...
Program Size: Code=2044 RO-data=96 RW-data=4 ZI-data=1124  
".\ModulesIf_Run.axf" - 0 Error(s), 0 Warning(s).
Clean started: Project: 'ModulesIf_Run'
   deleting intermediate output files for target 'ModulesIf_Run'
</pre>
</body>
</html>
