<html>
<body>
<pre>
<h1>µVision Build Log</h1>
<h2>Project:</h2>
C:\work\output\HelloCpp\UART.uvproj
Project File Date:  07/05/2018

<h2>Output:</h2>
Build target 'UART'
assembling startup.s...
compiling PLL.c...
compiling UART.c...
compiling ModulesIfGen.cpp...
compiling TestClass.cpp...
compiling UartAdapter.cpp...
linking...
Program Size: Code=1388 RO-data=32 RW-data=0 ZI-data=1120  
".\UART.axf" - 0 Error(s), 0 Warning(s).
Clean started: Project: 'UART'
   deleting intermediate output files for target 'UART'
</pre>
</body>
</html>
r(s), 0 Warning(s).
Target not created
Clean started: Project: 'UART'
   deleting intermediate output files for target 'UART'
